D:/portfolio-tracker/tsconfig.json(11,25): error TS6046: Argument for '--moduleResolution' option must be: 'node', 'classic', 'node16', 'nodenext'.
D:/portfolio-tracker/tsconfig.json(12,5): error TS5070: Option '--resolveJsonModule' cannot be specified without 'node' module resolution strategy.
